node.exe : FAIL src/auth/auth.service.spec.ts (11.226 s)
At line:1 char:1
+ & "C:\nvm4w\nodejs/node.exe" "C:\nvm4w\nodejs/node_modules/npm/bin/np ...
+ ~~~~~~~~~~~~~~~~~~~~~~~~~~~~~~~~~~~~~~~~~~~~~~~~~~~~~~~~~~~~~~~~~~~~~
    + CategoryInfo          : NotSpecified: (FAIL src/auth/a...c.ts (11.226 s) 
   :String) [], RemoteException
    + FullyQualifiedErrorId : NativeCommandError
 
  AuthService
    register
      ΓêÜ should register a new user successfully (41 ms)
      ΓêÜ should throw ConflictException if user already exists (32 ms)
    login
      ΓêÜ should login user with valid credentials (19 ms)
      ├ù should throw UnauthorizedException with invalid credentials (85 ms)
      ΓêÜ should throw UnauthorizedException when user not found (6 ms)

  ΓùÅ AuthService ΓÇ║ login ΓÇ║ should throw UnauthorizedException with 
invalid credentials

    expect(received).rejects.toThrow(expected)

    Expected constructor: UnauthorizedException
    Received constructor: TypeError

    Received message: "this.usersService.incrementLoginAttempts is not a 
function"

        [0m [90m 63 |[39m
         [90m 64 |[39m     [36mif[39m ([33m![39misMatch) {
        [31m[1m>[22m[39m[90m 65 |[39m       [36mawait[39m [36mthis[39
m[33m.[39musersService[33m.[39mincrementLoginAttempts(userEntity[33m.[39m
id)[33m;[39m
         [90m    |[39m                               [31m[1m^[22m[39m
         [90m 66 |[39m       
         [90m 67 |[39m       [90m// Log failed login attempt[39m
         [90m 68 |[39m       [36mawait[39m 
[36mthis[39m[33m.[39muserActivityLogService[33m.[39mlogActivity({[0m

      at AuthService.login (auth/auth.service.ts:65:31)
      at Object.<anonymous> (auth/auth.service.spec.ts:212:7)
      at Object.toThrow (../node_modules/expect/build/index.js:218:22)
      at Object.<anonymous> (auth/auth.service.spec.ts:212:53)

Test Suites: 1 failed, 1 total
Tests:       1 failed, 4 passed, 5 total
Snapshots:   0 total
Time:        11.797 s, estimated 13 s
Ran all test suites matching /src\\auth\\auth.service.spec.ts/i.
